{
  "version": "1.5.0",
  "plugins_used": [
    {
      "name": "ArtifactoryDetector"
    },
    {
      "name": "AWSKeyDetector"
    },
    {
      "name": "AzureStorageKeyDetector"
    },
    {
      "name": "Base64HighEntropyString",
      "limit": 4.5
    },
    {
      "name": "BasicAuthDetector"
    },
    {
      "name": "CloudantDetector"
    },
    {
      "name": "DiscordBotTokenDetector"
    },
    {
      "name": "GitHubTokenDetector"
    },
    {
      "name": "GitLabTokenDetector"
    },
    {
      "name": "HexHighEntropyString",
      "limit": 3.0
    },
    {
      "name": "IbmCloudIamDetector"
    },
    {
      "name": "IbmCosHmacDetector"
    },
    {
      "name": "IPPublicDetector"
    },
    {
      "name": "JwtTokenDetector"
    },
    {
      "name": "KeywordDetector",
      "keyword_exclude": ""
    },
    {
      "name": "MailchimpDetector"
    },
    {
      "name": "NpmDetector"
    },
    {
      "name": "OpenAIDetector"
    },
    {
      "name": "PrivateKeyDetector"
    },
    {
      "name": "PypiTokenDetector"
    },
    {
      "name": "SendGridDetector"
    },
    {
      "name": "SlackDetector"
    },
    {
      "name": "SoftlayerDetector"
    },
    {
      "name": "SquareOAuthDetector"
    },
    {
      "name": "StripeDetector"
    },
    {
      "name": "TelegramBotTokenDetector"
    },
    {
      "name": "TwilioKeyDetector"
    }
  ],
  "filters_used": [
    {
      "path": "detect_secrets.filters.allowlist.is_line_allowlisted"
    },
    {
      "path": "detect_secrets.filters.common.is_baseline_file",
      "filename": ".secrets.baseline"
    },
    {
      "path": "detect_secrets.filters.common.is_ignored_due_to_verification_policies",
      "min_level": 2
    },
    {
      "path": "detect_secrets.filters.heuristic.is_indirect_reference"
    },
    {
      "path": "detect_secrets.filters.heuristic.is_likely_id_string"
    },
    {
      "path": "detect_secrets.filters.heuristic.is_lock_file"
    },
    {
      "path": "detect_secrets.filters.heuristic.is_not_alphanumeric_string"
    },
    {
      "path": "detect_secrets.filters.heuristic.is_potential_uuid"
    },
    {
      "path": "detect_secrets.filters.heuristic.is_prefixed_with_dollar_sign"
    },
    {
      "path": "detect_secrets.filters.heuristic.is_sequential_string"
    },
    {
      "path": "detect_secrets.filters.heuristic.is_swagger_file"
    },
    {
      "path": "detect_secrets.filters.heuristic.is_templated_secret"
    }
  ],
  "results": {
    "docker-compose.test.yml": [
      {
        "type": "Secret Keyword",
        "filename": "docker-compose.test.yml",
        "hashed_secret": "fda92c3f7771a4d7345180c97cd17f565ead9b68",
        "is_verified": false,
        "line_number": 10,
        "is_secret": false
      },
      {
        "type": "Secret Keyword",
        "filename": "docker-compose.test.yml",
        "hashed_secret": "9de8d8b953ee0adf9156ea70b01598942237d2d4",
        "is_verified": false,
        "line_number": 13,
        "is_secret": false
      }
    ],
    "docker-compose.yml": [
      {
        "type": "Secret Keyword",
        "filename": "docker-compose.yml",
        "hashed_secret": "dc76e9f0c0006e8f919e0c515c66dbba3982f785",
        "is_verified": false,
        "line_number": 102,
        "is_secret": false
      },
      {
        "type": "Secret Keyword",
        "filename": "docker-compose.yml",
        "hashed_secret": "b1909932aac1c5510c044de0cb8c0f3ef049a250",
        "is_verified": false,
        "line_number": 105,
        "is_secret": false
      }
    ],
    "docs/OCI_DEPLOYMENT.md": [
      {
        "type": "Secret Keyword",
        "filename": "docs/OCI_DEPLOYMENT.md",
        "hashed_secret": "957b4d3f1ada13ac792687af63727739495bb110",
        "is_verified": false,
        "line_number": 119,
        "is_secret": false
      },
      {
        "type": "Secret Keyword",
        "filename": "docs/OCI_DEPLOYMENT.md",
        "hashed_secret": "3bdb5e3bd30bdc23ae6f888668aa490fa958c30b",
        "is_verified": false,
        "line_number": 120,
        "is_secret": false
      },
      {
        "type": "Secret Keyword",
        "filename": "docs/OCI_DEPLOYMENT.md",
        "hashed_secret": "9fda1a846cf13c7d4490f6ca9a3969abedad254d",
        "is_verified": false,
        "line_number": 137,
        "is_secret": false
      },
      {
        "type": "Secret Keyword",
        "filename": "docs/OCI_DEPLOYMENT.md",
        "hashed_secret": "0a5add0f3ce5e34ed87e40626c5f586163bcd0a2",
        "is_verified": false,
        "line_number": 147,
        "is_secret": false
      }
    ],
    "examples/README.md": [
      {
        "type": "Secret Keyword",
        "filename": "examples/README.md",
        "hashed_secret": "0e3180420ab9d09b249f2e638315d3d50718cba1",
        "is_verified": false,
        "line_number": 286,
        "is_secret": false
      },
      {
        "type": "Secret Keyword",
        "filename": "examples/README.md",
        "hashed_secret": "998c8abc0a1db80b888876d95d668e1dcac06d07",
        "is_verified": false,
        "line_number": 287,
        "is_secret": false
      },
      {
        "type": "Secret Keyword",
        "filename": "examples/README.md",
        "hashed_secret": "3bdb5e3bd30bdc23ae6f888668aa490fa958c30b",
        "is_verified": false,
        "line_number": 297,
        "is_secret": false
      },
      {
        "type": "Secret Keyword",
        "filename": "examples/README.md",
        "hashed_secret": "eea1ec9af2c84eedb8b1e3a292b69a9e69bf9d39",
        "is_verified": false,
        "line_number": 299,
        "is_secret": false
      },
      {
        "type": "Secret Keyword",
        "filename": "examples/README.md",
        "hashed_secret": "6893ce7b4c41bff8ac4937cd902bc12f1fb4a015",
        "is_verified": false,
        "line_number": 301,
        "is_secret": false
      },
      {
        "type": "Secret Keyword",
        "filename": "examples/README.md",
        "hashed_secret": "f9a0e75c07aab713f2b6203e31575d1b0b5a6cf8",
        "is_verified": false,
        "line_number": 304,
        "is_secret": false
      }
    ],
    "examples/local-development.yml": [
      {
        "type": "Secret Keyword",
        "filename": "examples/local-development.yml",
        "hashed_secret": "f865b53623b121fd34ee5426c792e5c33af8c227",
        "is_verified": false,
        "line_number": 22,
        "is_secret": false
      },
      {
        "type": "Secret Keyword",
        "filename": "examples/local-development.yml",
        "hashed_secret": "b1909932aac1c5510c044de0cb8c0f3ef049a250",
        "is_verified": false,
        "line_number": 39,
        "is_secret": false
      },
      {
        "type": "Secret Keyword",
        "filename": "examples/local-development.yml",
        "hashed_secret": "dc76e9f0c0006e8f919e0c515c66dbba3982f785",
        "is_verified": false,
        "line_number": 40,
        "is_secret": false
      }
    ],
    "examples/vault-template.yml": [
      {
        "type": "Secret Keyword",
        "filename": "examples/vault-template.yml",
        "hashed_secret": "8a60d6063e808bad69cab45b4861ba7a99dba095",
        "is_verified": false,
        "line_number": 13,
        "is_secret": false
      },
      {
        "type": "Secret Keyword",
        "filename": "examples/vault-template.yml",
        "hashed_secret": "f60d623e416a938ffa3a98bba1d5cdcd38eba18a",
        "is_verified": false,
        "line_number": 14,
        "is_secret": false
      },
      {
        "type": "Secret Keyword",
        "filename": "examples/vault-template.yml",
        "hashed_secret": "3bdb5e3bd30bdc23ae6f888668aa490fa958c30b",
        "is_verified": false,
        "line_number": 33,
        "is_secret": false
      },
      {
        "type": "Secret Keyword",
        "filename": "examples/vault-template.yml",
        "hashed_secret": "eea1ec9af2c84eedb8b1e3a292b69a9e69bf9d39",
        "is_verified": false,
        "line_number": 38,
        "is_secret": false
      },
      {
        "type": "Secret Keyword",
        "filename": "examples/vault-template.yml",
        "hashed_secret": "3cce5c10141b9602b7ab51bbf2f624a7d6696d7c",
        "is_verified": false,
        "line_number": 42,
        "is_secret": false
      },
      {
        "type": "Private Key",
        "filename": "examples/vault-template.yml",
        "hashed_secret": "1348b145fa1a555461c1b790a2f66614781091e9",
        "is_verified": false,
        "line_number": 49,
        "is_secret": false
      },
      {
        "type": "Secret Keyword",
        "filename": "examples/vault-template.yml",
        "hashed_secret": "8025f4dded9a83d9f108323404aff008db831c22",
        "is_verified": false,
        "line_number": 67,
        "is_secret": false
      },
      {
        "type": "Secret Keyword",
        "filename": "examples/vault-template.yml",
        "hashed_secret": "8d5ad277edba09fd2d9eabb463fca2a5dce19a64",
        "is_verified": false,
        "line_number": 85,
        "is_secret": false
      },
      {
        "type": "Secret Keyword",
        "filename": "examples/vault-template.yml",
        "hashed_secret": "010379f8f4623401e519a0034dfa20de2fe2e9c5",
        "is_verified": false,
        "line_number": 115,
        "is_secret": false
      },
      {
        "type": "Secret Keyword",
        "filename": "examples/vault-template.yml",
        "hashed_secret": "83542070ee8238c5ad6484b7824016bd2d2fb32e",
        "is_verified": false,
        "line_number": 131,
        "is_secret": false
      },
      {
        "type": "Secret Keyword",
        "filename": "examples/vault-template.yml",
        "hashed_secret": "43063fd7d229eb96d2d4dfc56b29eb7889658e7d",
        "is_verified": false,
        "line_number": 137,
        "is_secret": false
      },
      {
        "type": "Secret Keyword",
        "filename": "examples/vault-template.yml",
        "hashed_secret": "bca979bb89e707103384655edd0e8b0022f9866d",
        "is_verified": false,
        "line_number": 151,
        "is_secret": false
      },
      {
        "type": "Secret Keyword",
        "filename": "examples/vault-template.yml",
        "hashed_secret": "0a5add0f3ce5e34ed87e40626c5f586163bcd0a2",
        "is_verified": false,
        "line_number": 158,
        "is_secret": false
      },
      {
        "type": "Secret Keyword",
        "filename": "examples/vault-template.yml",
        "hashed_secret": "d8868945c273f948b58ff9dbaa30404cce888ffb",
        "is_verified": false,
        "line_number": 162,
        "is_secret": false
      },
      {
        "type": "Secret Keyword",
        "filename": "examples/vault-template.yml",
        "hashed_secret": "0d2b16aae9d6b35db8a476cc2c22509b09dd2a24",
        "is_verified": false,
        "line_number": 164,
        "is_secret": false
      },
      {
        "type": "Secret Keyword",
        "filename": "examples/vault-template.yml",
        "hashed_secret": "a7f36eff934cdbf3cf560bd489d2bbca53181a13",
        "is_verified": false,
        "line_number": 167,
        "is_secret": false
      },
      {
        "type": "Secret Keyword",
        "filename": "examples/vault-template.yml",
        "hashed_secret": "83778c4059df0aff36bc387f21a4aa3d7342e7fb",
        "is_verified": false,
        "line_number": 192,
        "is_secret": false
      },
      {
        "type": "Secret Keyword",
        "filename": "examples/vault-template.yml",
        "hashed_secret": "9fa23f560ca5331d6231ef30aa404e8382844fc9",
        "is_verified": false,
        "line_number": 193,
        "is_secret": false
      },
      {
        "type": "Secret Keyword",
        "filename": "examples/vault-template.yml",
        "hashed_secret": "5dcdde741b712156819878ac214fff212a552867",
        "is_verified": false,
        "line_number": 199,
        "is_secret": false
      },
      {
        "type": "Secret Keyword",
        "filename": "examples/vault-template.yml",
        "hashed_secret": "e3807a8a59c1fb1db15ae38b8ecdd9fb8b2842ea",
        "is_verified": false,
        "line_number": 200,
        "is_secret": false
      },
      {
        "type": "Secret Keyword",
        "filename": "examples/vault-template.yml",
        "hashed_secret": "ea7a5e5f67e752789e060164a4d19b657372a7cd",
        "is_verified": false,
        "line_number": 203,
        "is_secret": false
      },
      {
        "type": "Secret Keyword",
        "filename": "examples/vault-template.yml",
        "hashed_secret": "67b88e2e9c4885263408498223df6aeec9aa30c4",
        "is_verified": false,
        "line_number": 204,
        "is_secret": false
      },
      {
        "type": "Secret Keyword",
        "filename": "examples/vault-template.yml",
        "hashed_secret": "3ff183fa3b33f9efa9bed87d43845189efac2dbd",
        "is_verified": false,
        "line_number": 207,
        "is_secret": false
      },
      {
        "type": "Secret Keyword",
        "filename": "examples/vault-template.yml",
        "hashed_secret": "cf2f43a9542f28b9c981a1d2a6ff1b94743a3b37",
        "is_verified": false,
        "line_number": 208,
        "is_secret": false
      }
    ],
    "molecule/debian/converge.yml": [
      {
        "type": "Secret Keyword",
        "filename": "molecule/debian/converge.yml",
        "hashed_secret": "ab3eb0f868f05373c611a6c904ae319ff0772c0c",
        "is_verified": false,
        "line_number": 12,
        "is_secret": false
      },
      {
        "type": "Secret Keyword",
        "filename": "molecule/debian/converge.yml",
        "hashed_secret": "b749ea5b97fec5e734169b67d65e52c5e3579825",
        "is_verified": false,
        "line_number": 18,
        "is_secret": false
      },
      {
        "type": "Secret Keyword",
        "filename": "molecule/debian/converge.yml",
        "hashed_secret": "8a9f6ff515a3b7a1b15beb92c5b025bbf965b621",
        "is_verified": false,
        "line_number": 19,
        "is_secret": false
      }
    ],
    "molecule/rhel/converge.yml": [
      {
        "type": "Secret Keyword",
        "filename": "molecule/rhel/converge.yml",
        "hashed_secret": "ab3eb0f868f05373c611a6c904ae319ff0772c0c",
        "is_verified": false,
        "line_number": 12,
        "is_secret": false
      },
      {
        "type": "Secret Keyword",
        "filename": "molecule/rhel/converge.yml",
        "hashed_secret": "b749ea5b97fec5e734169b67d65e52c5e3579825",
        "is_verified": false,
        "line_number": 18,
        "is_secret": false
      },
      {
        "type": "Secret Keyword",
        "filename": "molecule/rhel/converge.yml",
        "hashed_secret": "8a9f6ff515a3b7a1b15beb92c5b025bbf965b621",
        "is_verified": false,
        "line_number": 19,
        "is_secret": false
      }
    ],
    "molecule/ubuntu/converge.yml": [
      {
        "type": "Secret Keyword",
        "filename": "molecule/ubuntu/converge.yml",
        "hashed_secret": "ab3eb0f868f05373c611a6c904ae319ff0772c0c",
        "is_verified": false,
        "line_number": 12,
        "is_secret": false
      },
      {
        "type": "Secret Keyword",
        "filename": "molecule/ubuntu/converge.yml",
        "hashed_secret": "b749ea5b97fec5e734169b67d65e52c5e3579825",
        "is_verified": false,
        "line_number": 18,
        "is_secret": false
      },
      {
        "type": "Secret Keyword",
        "filename": "molecule/ubuntu/converge.yml",
        "hashed_secret": "8a9f6ff515a3b7a1b15beb92c5b025bbf965b621",
        "is_verified": false,
        "line_number": 19,
        "is_secret": false
      }
    ],
    "tests/inventories/centos.ini": [
      {
        "type": "Secret Keyword",
        "filename": "tests/inventories/centos.ini",
        "hashed_secret": "db5f37a9255e2a4c6b04b324fb24d6da63f4c1ee",
        "is_verified": false,
        "line_number": 2,
        "is_secret": false
      }
    ],
    "tests/inventories/ubuntu.ini": [
      {
        "type": "Secret Keyword",
        "filename": "tests/inventories/ubuntu.ini",
        "hashed_secret": "db5f37a9255e2a4c6b04b324fb24d6da63f4c1ee",
        "is_verified": false,
        "line_number": 2,
        "is_secret": false
      }
    ],
    "tests/scenarios/01-basic-installation.yml": [
      {
        "type": "Secret Keyword",
        "filename": "tests/scenarios/01-basic-installation.yml",
        "hashed_secret": "e3793eab92c310ace1ab54328bb459f8a3deb668",
        "is_verified": false,
        "line_number": 19,
        "is_secret": false
      },
      {
        "type": "Secret Keyword",
        "filename": "tests/scenarios/01-basic-installation.yml",
        "hashed_secret": "2327ee397cc2a2dfba10fb7991afcb191180eaa3",
        "is_verified": false,
        "line_number": 27,
        "is_secret": false
      }
    ],
    "tests/scenarios/02-apache-installation.yml": [
      {
        "type": "Secret Keyword",
        "filename": "tests/scenarios/02-apache-installation.yml",
        "hashed_secret": "c0e8d709b18727db7327ba7f4b30ab0e549547ab",
        "is_verified": false,
        "line_number": 19,
        "is_secret": false
      },
      {
        "type": "Secret Keyword",
        "filename": "tests/scenarios/02-apache-installation.yml",
        "hashed_secret": "97e7a4687c679ee9c3a9f547cdce43efc82f6527",
        "is_verified": false,
        "line_number": 27,
        "is_secret": false
      }
    ],
    "tests/scenarios/03-validation-security.yml": [
      {
        "type": "Secret Keyword",
        "filename": "tests/scenarios/03-validation-security.yml",
        "hashed_secret": "1614425fcccc1d0c696404e02b886525385338e4",
        "is_verified": false,
        "line_number": 19,
        "is_secret": false
      },
      {
        "type": "Secret Keyword",
        "filename": "tests/scenarios/03-validation-security.yml",
        "hashed_secret": "9de8d8b953ee0adf9156ea70b01598942237d2d4",
        "is_verified": false,
        "line_number": 27,
        "is_secret": false
      }
    ],
    "tests/scenarios/04-security-hardening.yml": [
      {
        "type": "Secret Keyword",
        "filename": "tests/scenarios/04-security-hardening.yml",
        "hashed_secret": "63cd8863c6c57d46e03039e60d2f157e50d69c62",
        "is_verified": false,
        "line_number": 16,
        "is_secret": false
      },
      {
        "type": "Secret Keyword",
        "filename": "tests/scenarios/04-security-hardening.yml",
        "hashed_secret": "b8882454ccabc81c1cc79b074024c853e9e2bf56",
        "is_verified": false,
        "line_number": 19,
        "is_secret": false
      }
    ]
  },
  "generated_at": "2026-09-06T01:06:40Z"
}
